// Jest Snapshot v1, https://goo.gl/fbAQLP

exports[`Pruebas en <First app/> Debe hacer match con el snapshot 1`] = `
<div>
  <div>
    <h1>
      Hola mundo
      , 
      mauricio
    </h1>
  </div>
</div>
`;
