// Jest Snapshot v1, https://goo.gl/fbAQLP

exports[`Pruebas en <First app/> debe hacer match con el snapshot 1`] = `
<div>
  <div>
    <h1
      data-testid="test-title"
    >
      Hola, Soy Goku
    </h1>
    <p />
    <p />
  </div>
</div>
`;
